FE7_7498_32271_D: tet - tetrahedron (regular)
FE7_8496_32296_E: tet - tetrahedron (regular)
FE8_7498_32272_D: tet - tetrahedron (regular)
FE7_6498_32223_B: tet - tetrahedron (regular)
FE5_6498_32221_B: tet - tetrahedron (regular)
MO1_8496_32298_E: oct - octahedron (distorted)
FE8_6498_32224_B: tet - tetrahedron (regular)
FE2_9496_32349_G: tet - tetrahedron (regular)
FE5_8498_32317_F: tet - tetrahedron (regular)
FE1_9496_32350_G: tet - tetrahedron (regular)
FE7_7496_32248_C: tet - tetrahedron (regular)
FE6_8496_32300_E: tet - tetrahedron (regular)
FE3_7498_32263_D: tet - tetrahedron (regular)
FE2_8496_32301_E: tet - tetrahedron (regular)
MO1_9496_32346_G: oct - octahedron (distorted)
FE1_7496_32254_C: tet - tetrahedron (regular)
FE1_8496_32302_E: tet - tetrahedron (regular)
FE3_9498_32359_H: tet - tetrahedron (regular)
FE5_8496_32303_E: tet - tetrahedron (regular)
FE6_6498_32222_B: tet - tetrahedron (regular)
FE6_6496_32204_A: tet - tetrahedron (regular)
FE5_7496_32255_C: tet - tetrahedron (regular)
FE2_6496_32205_A: tet - tetrahedron (regular)
FE6_8498_32318_F: tet - tetrahedron (regular)
FE5_9496_32351_G: tet - tetrahedron (regular)
FE1_6496_32206_A: tet - tetrahedron (regular)
FE4_7498_32264_D: tet - tetrahedron (regular)
FE5_6496_32207_A: tet - tetrahedron (regular)
FE7_9496_32344_G: tet - tetrahedron (regular)
FE6_9496_32348_G: tet - tetrahedron (regular)
FE2_9498_32358_H: tet - tetrahedron (regular)
FE4_9498_32360_H: tet - tetrahedron (regular)
MO1_7496_32250_C: oct - octahedron (distorted)
FE1_8498_32309_F: tet - tetrahedron (distorted)
FE2_8498_32310_F: tet - tetrahedron (regular)
FE3_8498_32311_F: tet - tetrahedron (regular)
FE5_7498_32269_D: tet - tetrahedron (regular)
MO1_6496_32202_A: oct - octahedron (distorted)
FE7_6496_32200_A: tet - tetrahedron (regular)
FE4_8498_32312_F: tet - tetrahedron (regular)
FE6_7496_32252_C: tet - tetrahedron (regular)
FE1_9498_32357_H: tet - tetrahedron (distorted)
FE5_9498_32365_H: tet - tetrahedron (regular)
FE1_6498_32213_B: tet - tetrahedron (distorted)
FE3_6496_32198_A: tet - tetrahedron (regular)
FE4_9496_32339_G: tet - tetrahedron (regular)
FE2_6498_32214_B: tet - tetrahedron (regular)
FE1_7498_32261_D: tet - tetrahedron (distorted)
FE3_6498_32215_B: tet - tetrahedron (regular)
FE4_8496_32291_E: tet - tetrahedron (regular)
FE6_9498_32366_H: tet - tetrahedron (regular)
FE3_9496_32342_G: tet - tetrahedron (regular)
FE3_7496_32246_C: tet - tetrahedron (regular)
FE7_9498_32367_H: tet - tetrahedron (regular)
FE6_7498_32270_D: tet - tetrahedron (regular)
FE4_7496_32243_C: tet - tetrahedron (regular)
FE2_7496_32253_C: tet - tetrahedron (regular)
FE8_9498_32368_H: tet - tetrahedron (regular)
FE3_8496_32294_E: tet - tetrahedron (regular)
FE4_6498_32216_B: tet - tetrahedron (regular)
FE7_8498_32319_F: tet - tetrahedron (regular)
FE4_6496_32195_A: tet - tetrahedron (regular)
FE8_8498_32320_F: tet - tetrahedron (regular)
FE2_7498_32262_D: tet - tetrahedron (regular)
